Checking for wasm32-unknown-unknown target...
Checking connection to Arbitrum Sepolia...
Connected to Arbitrum Sepolia!
Deployer address: 0x5283DE9Ad4dBb07912f2BB434adbc7E2b826FA2f
Deploying first ERC20 token contract (Token0) to Arbitrum Sepolia...
Token0 contract deployed at address: 0x502e61a8ccf76928d614ae183238debf3a585151
Token0 transaction hash: 0x148fab28a59c4ab8d869596afe0a377fc69d5b431cc5ed5dc0cb1dcc83fc7de5
Deploying second ERC20 token contract (Token1) to Arbitrum Sepolia...
Token1 contract deployed at address: 0x63cf11d296c183995ca118ae79983a0aec1948a2
Token1 transaction hash: 0x09248dc1373a52743238652926a8cbcf41c4ee75859637534205fb9ac1df2d5c
Minting tokens for testing...

blockHash            0x2498d8ed46f3f7c13b6dd4a75305a8552d43879a215cdc8782eb8e1c24343230
blockNumber          180211749
contractAddress      
cumulativeGasUsed    577582
effectiveGasPrice    100000000
from                 0x5283DE9Ad4dBb07912f2BB434adbc7E2b826FA2f
gasUsed              72311
logs                 [{"address":"0x502e61a8ccf76928d614ae183238debf3a585151","topics":["0xddf252ad1be2c89b69c2b068fc378daa952ba7f163c4a11628f55a4df523b3ef","0x0000000000000000000000000000000000000000000000000000000000000000","0x0000000000000000000000005283de9ad4dbb07912f2bb434adbc7e2b826fa2f"],"data":"0x00000000000000000000000000000000000000000000003635c9adc5dea00000","blockHash":"0x2498d8ed46f3f7c13b6dd4a75305a8552d43879a215cdc8782eb8e1c24343230","blockNumber":"0xabdd025","transactionHash":"0xdcecfa85805135210f85863fbe496203e2fa5629b2581e790abfc25e41cfc2ee","transactionIndex":"0x7","logIndex":"0x18","removed":false}]
logsBloom            0x00000000000000000000000000000000000000000000000000000000000000000000020000000000000000000000000000000000001000000000000000000000000000000000000000000008000000000000000000000000000000000000000000000000020000000000000000000800000000000000000000000010000000000000000000000000000000000000000000000000000000000000000000000000000000002000000000000000000000000200000000000000010000000000000000000002000000000000000000000000000000000000000000000000000020000000000000000000000000000000000000000000200000000000000000000000
root                 
status               1 (success)
transactionHash      0xdcecfa85805135210f85863fbe496203e2fa5629b2581e790abfc25e41cfc2ee
transactionIndex     7
type                 2
blobGasPrice         
blobGasUsed          
to                   0x502e61A8cCF76928d614aE183238DEbf3a585151
gasUsedForL1         0
l1BlockNumber        8903388
timeboosted          false


blockHash            0x8f68c237e25ad866f23461173836c3cbb3f823e17d31c679b840a3687e417a41
blockNumber          180211773
contractAddress      
cumulativeGasUsed    102566
effectiveGasPrice    100000000
from                 0x5283DE9Ad4dBb07912f2BB434adbc7E2b826FA2f
gasUsed              72311
logs                 [{"address":"0x63cf11d296c183995ca118ae79983a0aec1948a2","topics":["0xddf252ad1be2c89b69c2b068fc378daa952ba7f163c4a11628f55a4df523b3ef","0x0000000000000000000000000000000000000000000000000000000000000000","0x0000000000000000000000005283de9ad4dbb07912f2bb434adbc7e2b826fa2f"],"data":"0x00000000000000000000000000000000000000000000003635c9adc5dea00000","blockHash":"0x8f68c237e25ad866f23461173836c3cbb3f823e17d31c679b840a3687e417a41","blockNumber":"0xabdd03d","transactionHash":"0x492e57f8455bb22feaf1ed61b590ebdbd38b8677cf02b5cb182fd16d1365f970","transactionIndex":"0x2","logIndex":"0x1","removed":false}]
logsBloom            0x00000000000000000000000000000000000000000000000000800000000000000000020000002000000000000000000000000000000000000000000000000000000000000000000000000008000000000000000000000000000000000000000000000000020000000000000000000800000000000000000000000010000000000000000000000000000000000000000000000000000000000000000000000000000040002000000000000000000000000200000000000000000000000000000000000002000000000000000000000000000000000000000000000000000020000000000000000000000000000000000000000000000000000000000000000000
root                 
status               1 (success)
transactionHash      0x492e57f8455bb22feaf1ed61b590ebdbd38b8677cf02b5cb182fd16d1365f970
transactionIndex     2
type                 2
blobGasPrice         
blobGasUsed          
to                   0x63cf11D296c183995cA118aE79983A0AeC1948a2
gasUsedForL1         0
l1BlockNumber        8903388
timeboosted          false

Tokens minted to deployer address.
Deploying the Uniswap V2 contract to Arbitrum Sepolia using cargo stylus...
Uniswap V2 contract deployed successfully!
Transaction hash: 0xa1a0a3c22ac349c4c794ffc6f3619a46ee07261d9e0ccd5b87797ba95749be57
Uniswap V2 contract address: 0xccc009abab6327a6036cc7e7deba90cae8160f74
Deployment info saved to build/stylus-deployment-info.json
Deployment completed successfully on Arbitrum Sepolia!
Summary of deployed contracts:
- Token0: 0x502e61a8ccf76928d614ae183238debf3a585151
- Token1: 0x63cf11d296c183995ca118ae79983a0aec1948a2
- Uniswap V2: 0xccc009abab6327a6036cc7e7deba90cae8160f74
